exports[`AuthLayout matches snapshot 1`] = `
<div>
  <nav
    className="nav">
    <div
      className="container">
      <div
        className="nav-left">
        <a
          className="nav-item is-brand"
          href="/">
          Gym Spends
        </a>
      </div>
      <div
        className="nav-right nav-menu" />
    </div>
  </nav>
  <div
    className="content-container">
    <p>
      hey
    </p>
  </div>
</div>
`;
