exports[`AuthLayout matches snapshot 1`] = `
<div>
  <nav
    className="nav">
    <div
      className="container">
      <div
        className="nav-left">
        <a
          className="nav-item is-brand"
          href="/">
          Gym Spends
        </a>
      </div>
      <div
        className="nav-right nav-menu">
        <a
          className="nav-item logout-link"
          href="#"
          onClick={[Function]}>
          Log out of Swarm
        </a>
      </div>
    </div>
  </nav>
  <div
    className="content-container">
    <p>
      hey
    </p>
  </div>
</div>
`;
